---
source: rasn-compiler-tests/tests/parse_test.rs
input_file: rasn-compiler-tests/tests/modules/itu-t_t_t127_2007_MBFT-PROTOCOL.asn1
---
Error matching ASN syntax at while parsing:
    ╭─[line 27, column 2]
    │
    │ 
 24 │   -- 16-bit value
 27 │  Contents-Type-Attribute ::= CHOICE { ◀▪▪▪▪▪▪▪▪▪▪ FAILED AT THIS LINE
 28 │    -- See Annex B/ISO 8571-2 for more information
 29 │    document-type
 30 │      [0]  SEQUENCE {document-type-name  [1]  Document-Type-Name,
 31 │                     parameter           [0]  ISO-8571-2-Parameters OPTIONAL
 32 │                     -- The actual types to be used for values of the parameter
 33 │                     -- field are defined in the document-type-name.
 34 │                     -- Currently, only UNSTRUCTURED TEXT and UNSTRUCTURED BINARY
 35 │                     -- are supported.}
 36 │  }
    │
────╯
