---
source: rasn-compiler-tests/tests/parse_test.rs
input_file: rasn-compiler-tests/tests/modules/itu-t_x_x1082_2007-Amd1_Human-Physiology.asn1
---
Error matching ASN syntax at while parsing:
    ╭─[line 35, column 2]
    │
    │ 
 32 │  -- *2* OID-IRI or RELATIVE-OID-IRI allocations specific to ITU-T X.1082
 33 │  --     These are all relative to iri-hum-phys
 34 │  -- *2.1* OID-IRIs for symbols
 35 │  iri-symbols RELATIVE-OID-IRI ::= "Symbols" ◀▪▪▪▪▪▪▪▪▪▪ FAILED AT THIS LINE
    │
────╯
