---
source: rasn-compiler-tests/tests/parse_test.rs
input_file: rasn-compiler-tests/tests/modules/itu-t_x_x520_2019_PasswordPolicy.asn1
---
Error matching ASN syntax at while parsing:
     ╭─[line 113, column 32]
     │
     │ 
 113 │  {userPwd,userPwdHistoryMatch,id-oa-userPwdHistory} ◀▪▪▪▪▪▪▪▪▪▪ FAILED AT THIS LINE
     │
─────╯
