---
source: rasn-compiler-tests/tests/parse_test.rs
input_file: rasn-compiler-tests/tests/modules/ietf_rfc_rfc3852_CryptographicMessageSyntax2004.asn1
---
Error matching ASN syntax at while parsing:
    ╭─[line 36, column 5]
    │
    │ 
 32 │  -- Cryptographic Message Syntax
 34 │     ContentInfo ::= SEQUENCE {
 35 │       contentType ContentType,
 36 │       content [0] EXPLICIT ANY DEFINED BY contentType } ◀▪▪▪▪▪▪▪▪▪▪ FAILED AT THIS LINE
 38 │     ContentType ::= OBJECT IDENTIFIER
 40 │     SignedData ::= SEQUENCE {
 41 │       version CMSVersion,
 42 │       digestAlgorithms DigestAlgorithmIdent
    │
────╯
