---
source: rasn-compiler-tests/tests/parse_test.rs
input_file: rasn-compiler-tests/tests/modules/itu-t_x_x880_1994-TC1_Remote-Operations-Generic-ROS-PDUs.asn1
---
Error matching ASN syntax at while parsing:
    ╭─[line 19, column 2]
    │
    │ 
 19 │  (CONSTRAINED BY { -- must conform to the above definition --} ! ◀▪▪▪▪▪▪▪▪▪▪ FAILED AT THIS LINE
 20 │   RejectProblem:general-unrecognizedPDU)
    │
────╯
