---
source: rasn-compiler-tests/tests/parse_test.rs
input_file: rasn-compiler-tests/tests/modules/itu-t_h_h450.1_2011_Remote-Operations-Apdus.asn1
---
Error matching ASN syntax at while parsing:
    ╭─[line 30, column 2]
    │
    │ 
 30 │  (CONSTRAINED BY { -- must conform to the above definition --} ! ◀▪▪▪▪▪▪▪▪▪▪ FAILED AT THIS LINE
 31 │   RejectProblem:general-unrecognizedPDU)
    │
────╯
