---
source: rasn-compiler-tests/tests/parse_test.rs
input_file: rasn-compiler-tests/tests/modules/ietf_rfc_rfc3280_PKIX1Implicit88.asn1
---
Error matching ASN syntax at while parsing:
    ╭─[line 89, column 2]
    │
    │ 
 89 │  PolicyQualifierInfo ::= SEQUENCE { ◀▪▪▪▪▪▪▪▪▪▪ FAILED AT THIS LINE
 90 │         policyQualifierId  PolicyQualifierId,
 91 │         qualifier        ANY DEFINED BY policyQualifierId }
 93 │  -- Implementations that recognize additional policy qualifiers MUST
 94 │  -- augment the following definition for PolicyQualifierId
    │
────╯
