---
source: rasn-compiler-tests/tests/parse_test.rs
input_file: rasn-compiler-tests/tests/modules/itu-t_q_q1238.4_2000_IN-CS3-SCF-SDF-Additional-Definitions.asn1
---
Error matching ASN syntax at while parsing:
     ╭─[line 218, column 6]
     │
     │ 
 218 │      (WITH COMPONENTS { ◀▪▪▪▪▪▪▪▪▪▪ FAILED AT THIS LINE
 219 │         ...,
 220 │         toBeProtected  (WITH COMPONENTS {
 221 │                           ...,
 222 │                           searchInfo  (WITH COMPONENTS {
 223 │                                          ...,
 224 │                                          entries                  (WITH
 225 │                                                                      COMPONENT
 226 │                                                                      (IN-EntryInformation)),
 227 │                                          partialOutcomeQualifier  (PartialOutcomeQualifier
 228 │                                                                      (WITH COMPONENTS {
 229 │                                                                      ...,
 230 │                                                                      queryReference  ABSENT
 231 │                                                                      }))OPTIONAL
 232 │                                        })
 233 │                         })
 234 │       })
 236 │  -- Errors definition
     │
─────╯
