---
source: rasn-compiler-tests/tests/parse_test.rs
input_file: rasn-compiler-tests/tests/modules/itu-t_q_q1238.3_2000_IN-CS3-SCF-SRF-pkgs-contracts-acs.asn1
---
Error matching ASN syntax at while parsing:
     ╭─[line 146, column 2]
     │
     │ 
 145 │  -- Contracts
 146 │  srf-scf-contract CONTRACT ::= { ◀▪▪▪▪▪▪▪▪▪▪ FAILED AT THIS LINE
 147 │    INITIATOR CONSUMER OF
 148 │      {srf-scfActivationOfAssistPackage{networkSpecificBoundSet,
 149 │                                       networkSpecificSSFSCFBoundSet} |
 150 │        srfManagementPackage{networkSpecificBoundSet,
 151 │                            networkSpecificSSFSCFBoundSet}}
 152 │    RESPONDER CONSUMER OF
 153 │      {specializedResourceControlPackage{networkSpecificBoundSet,
 154 │                                        networkSpecificSSFSCFBoundSet,
 155 │                                        networkSpecificSCFSRFBoundSet} |
 156 │        srf-scfCancelPackage{networkSpecificSSFSCFBoundSet} |
 157 │        scriptControlPackage{networkSpecificBoundSet,
 158 │                            networkSpecificSSFSCFBoundSet} | activityTestPackage
 159 │        |
 160 │        messageControlPackage{networkSpecificBoundSet,
 161 │                             networkSpecificSSFSCFBoundSet,
 162 │                             networkSpecificSCFSRFBoundSet}}
 163 │    ID                     id-contract-srf-scf
 164 │  }
 166 │  -- specializedResourceControl package
     │
─────╯
